Chromotropic acid
butyl	rubber
ammonium
ammonia
chondroitin sulfate
anilinium
poly
thiosulfate
thio
Potassium pentathionate
trithionate
fortetrathionate
pentathionate
tetrathionate
polythionates
complex
naphthotriazolate
calmodulin
mercaptohexadecanoic acid
aminopropylthriethoxysilane
cyclodextrins
solution
polycarbonate
polyethersulfone	
Tris
trishydroxymethylaminomethane
amino
hydroxymethyl
propanediol
phosphate diesters
phosphate diester
polypyrrole
polypyrroleoligonucleotide
polypyrrole oligonucleotide
oligonucleotide
catecholamines
norepinepherine
phenolic
norepinephrine
sesquiterpenoid
monoterpene
diazeniumdiolate
fluorinated ethylpropylene
aluminon
bradykinin
N-terminal tyrosine
4,7-disubstituted benzofurazan
glutathione
quinone moieties
glutathione
Diphenylpicrylhydrazyl
Phycoerythyrin
hexavalent chromium
trivalent chromium
dialkyl sufides
Nafion
dichloramine
Chitosan
O-butylbutyltolyl
Methyltrioctylammonium
Polypyrole
Dichloramine
tetraazacyclotetradecanein
Catalase
phosphatidyl serine phosphatidylserine
aminophospholipids
phospholipids
phosphatidylethanolamine
ethylenediaminotetracetic acid
Ionomycin
Fluorescein isothiocyanate
polyethoxylene carboxylate alkylphenol
nonylphenol polyethoxylates
nonylphenol decaethoxylate
Polytetrafluoroethylene
fluoroethylenepropylene
Tween 20
mepivacaine
ethycaine
ropivacaine
bupivacaine
pentycaine
flavonoids
terpenoids
Oxalate anion
Naringenin diglucuronide
semibenzilic acid
tricarbonyltroponechromium
phenylsulphonyl
Ruthenium-mediated
azobenzenes
pyrrolidinopyridine
octyloxybenzoic
fluorohexanoyl moieties
Norsolorinic acid
cycloalkylamines
acetylenic imine
zeolites
aluminophosphate alumino phosphate
dipeptide Z-ethylenic
thiophenolate
acetylhexosaminidase
lipopolysaccharide 
radical ion anion atom
diphenylanthra
dithionaphthalene
fluvalinate
flumethrin
coumaphos
acetylcholinesterase
alphacypermethrin
